["bell", "cell"]
["gone", "good", "goof", "home", "hone", "hood", "hoof"]
["a", "b", "c"]
[""]