43556

746427673

76937

8447

47

945464

3766

687